../Core/Src/Loader_Src.c:41:6:LOC_SPI_Init	0	static
../Core/Src/Loader_Src.c:53:6:LOC_Delay	16	static
../Core/Src/Loader_Src.c:64:10:HAL_GetTick	0	static
../Core/Src/Loader_Src.c:69:6:HAL_Delay	0	static
../Core/Src/Loader_Src.c:74:19:HAL_InitTick	0	static
../Core/Src/Loader_Src.c:80:6:LOC_LedOn	0	static
../Core/Src/Loader_Src.c:87:6:LOC_LedOff	0	static
../Core/Src/Loader_Src.c:95:5:Init	16	static,ignoring_inline_asm
../Core/Src/Loader_Src.c:148:5:Read	24	static,ignoring_inline_asm
../Core/Src/Loader_Src.c:172:5:Write	24	static,ignoring_inline_asm
../Core/Src/Loader_Src.c:195:5:MassErase	8	static,ignoring_inline_asm
../Core/Src/Loader_Src.c:218:5:SectorErase	16	static,ignoring_inline_asm
../Core/Src/Loader_Src.c:248:10:CheckSum	40	static
../Core/Src/Loader_Src.c:307:10:Verify	32	static
