../Core/Src/z_flash_W25QXXX.c:37:6:Flash_Select	8	static
../Core/Src/z_flash_W25QXXX.c:49:6:Flash_UnSelect	0	static
../Core/Src/z_flash_W25QXXX.c:59:6:Flash_Receive	0	static
../Core/Src/z_flash_W25QXXX.c:71:6:Flash_Polling_Transmit	0	static
../Core/Src/z_flash_W25QXXX.c:86:6:Flash_Transmit	0	static
../Core/Src/z_flash_W25QXXX.c:108:6:Flash_WaitForWritingComplete	16	static
../Core/Src/z_flash_W25QXXX.c:133:6:Flash_Read	32	static
../Core/Src/z_flash_W25QXXX.c:172:6:Flash_SimpleWriteAPage	24	static
../Core/Src/z_flash_W25QXXX.c:199:6:Flash_Write	40	static
../Core/Src/z_flash_W25QXXX.c:251:6:Flash_SErase4k	16	static
../Core/Src/z_flash_W25QXXX.c:279:6:Flash_BErase32k	16	static
../Core/Src/z_flash_W25QXXX.c:308:6:Flash_BErase64k	16	static
../Core/Src/z_flash_W25QXXX.c:334:6:Flash_ChipErase	16	static
../Core/Src/z_flash_W25QXXX.c:357:6:Flash_PowerDown	16	static
../Core/Src/z_flash_W25QXXX.c:375:6:Flash_PowerUp	16	static
../Core/Src/z_flash_W25QXXX.c:392:9:Flash_ReadDevID	16	static
../Core/Src/z_flash_W25QXXX.c:411:10:Flash_ReadManufactutrerAndDevID	16	static
../Core/Src/z_flash_W25QXXX.c:442:10:Flash_ReadJedecID	16	static
../Core/Src/z_flash_W25QXXX.c:462:6:Flash_ReadSFDP	16	static
../Core/Src/z_flash_W25QXXX.c:484:9:Flash_TestAvailability	264	static
../Core/Src/z_flash_W25QXXX.c:525:6:Flash_Reset	16	static
../Core/Src/z_flash_W25QXXX.c:509:9:Flash_Init	8	static
../Core/Src/z_flash_W25QXXX.c:544:6:DataReader_WaitForReceiveDone	0	static
../Core/Src/z_flash_W25QXXX.c:549:6:DataReader_ReadData	0	static
../Core/Src/z_flash_W25QXXX.c:554:6:DataReader_StartDMAReadData	0	static
